[3.304s] Invoking command in '/home/narayana/swarm_ws/build/simulation': PYTHONPATH=/home/narayana/swarm_ws/build/simulation/prefix_override:/usr/lib/python3/dist-packages/colcon_core/task/python/colcon_distutils_commands:/home/narayana/swarm_ws/install/simulation/lib/python3.12/site-packages:${PYTHONPATH} /usr/bin/python3 -W ignore:setup.py install is deprecated -W ignore:easy_install command is deprecated setup.py develop --editable --build-directory /home/narayana/swarm_ws/build/simulation/build --no-deps symlink_data
[3.718s] running develop
[3.928s] running egg_info
[3.928s] creating simulation.egg-info
[3.950s] writing simulation.egg-info/PKG-INFO
[3.950s] writing dependency_links to simulation.egg-info/dependency_links.txt
[3.951s] writing requirements to simulation.egg-info/requires.txt
[3.951s] writing top-level names to simulation.egg-info/top_level.txt
[3.951s] writing manifest file 'simulation.egg-info/SOURCES.txt'
[3.989s] reading manifest file 'simulation.egg-info/SOURCES.txt'
[3.989s] writing manifest file 'simulation.egg-info/SOURCES.txt'
[4.015s] running build_ext
[4.016s] Creating /home/narayana/swarm_ws/install/simulation/lib/python3.12/site-packages/simulation.egg-link (link to .)
[4.016s] 
[4.017s] Installed /home/narayana/swarm_ws/build/simulation
[4.017s] running symlink_data
[4.017s] creating /home/narayana/swarm_ws/install/simulation/share/ament_index
[4.018s] creating /home/narayana/swarm_ws/install/simulation/share/ament_index/resource_index
[4.018s] creating /home/narayana/swarm_ws/install/simulation/share/ament_index/resource_index/packages
[4.019s] symbolically linking /home/narayana/swarm_ws/build/simulation/resource/simulation -> /home/narayana/swarm_ws/install/simulation/share/ament_index/resource_index/packages
[4.019s] symbolically linking /home/narayana/swarm_ws/build/simulation/package.xml -> /home/narayana/swarm_ws/install/simulation/share/simulation
[4.132s] Invoked command in '/home/narayana/swarm_ws/build/simulation' returned '0': PYTHONPATH=/home/narayana/swarm_ws/build/simulation/prefix_override:/usr/lib/python3/dist-packages/colcon_core/task/python/colcon_distutils_commands:/home/narayana/swarm_ws/install/simulation/lib/python3.12/site-packages:${PYTHONPATH} /usr/bin/python3 -W ignore:setup.py install is deprecated -W ignore:easy_install command is deprecated setup.py develop --editable --build-directory /home/narayana/swarm_ws/build/simulation/build --no-deps symlink_data
