[3.332s] Invoking command in '/home/narayana/swarm_ws/build/swarm_control': PYTHONPATH=/home/narayana/swarm_ws/build/swarm_control/prefix_override:/usr/lib/python3/dist-packages/colcon_core/task/python/colcon_distutils_commands:/home/narayana/swarm_ws/install/swarm_control/lib/python3.12/site-packages:${PYTHONPATH} /usr/bin/python3 -W ignore:setup.py install is deprecated -W ignore:easy_install command is deprecated setup.py develop --editable --build-directory /home/narayana/swarm_ws/build/swarm_control/build --no-deps symlink_data
[3.726s] running develop
[3.948s] running egg_info
[3.948s] creating swarm_control.egg-info
[3.969s] writing swarm_control.egg-info/PKG-INFO
[3.970s] writing dependency_links to swarm_control.egg-info/dependency_links.txt
[3.970s] writing requirements to swarm_control.egg-info/requires.txt
[3.970s] writing top-level names to swarm_control.egg-info/top_level.txt
[3.971s] writing manifest file 'swarm_control.egg-info/SOURCES.txt'
[4.008s] reading manifest file 'swarm_control.egg-info/SOURCES.txt'
[4.009s] writing manifest file 'swarm_control.egg-info/SOURCES.txt'
[4.035s] running build_ext
[4.035s] Creating /home/narayana/swarm_ws/install/swarm_control/lib/python3.12/site-packages/swarm-control.egg-link (link to .)
[4.037s] 
[4.037s] Installed /home/narayana/swarm_ws/build/swarm_control
[4.038s] running symlink_data
[4.038s] creating /home/narayana/swarm_ws/install/swarm_control/share/ament_index
[4.039s] creating /home/narayana/swarm_ws/install/swarm_control/share/ament_index/resource_index
[4.039s] creating /home/narayana/swarm_ws/install/swarm_control/share/ament_index/resource_index/packages
[4.039s] symbolically linking /home/narayana/swarm_ws/build/swarm_control/resource/swarm_control -> /home/narayana/swarm_ws/install/swarm_control/share/ament_index/resource_index/packages
[4.040s] symbolically linking /home/narayana/swarm_ws/build/swarm_control/package.xml -> /home/narayana/swarm_ws/install/swarm_control/share/swarm_control
[4.163s] Invoked command in '/home/narayana/swarm_ws/build/swarm_control' returned '0': PYTHONPATH=/home/narayana/swarm_ws/build/swarm_control/prefix_override:/usr/lib/python3/dist-packages/colcon_core/task/python/colcon_distutils_commands:/home/narayana/swarm_ws/install/swarm_control/lib/python3.12/site-packages:${PYTHONPATH} /usr/bin/python3 -W ignore:setup.py install is deprecated -W ignore:easy_install command is deprecated setup.py develop --editable --build-directory /home/narayana/swarm_ws/build/swarm_control/build --no-deps symlink_data
