[3.328s] Invoking command in '/home/narayana/swarm_ws/build/damage_detection': PYTHONPATH=/home/narayana/swarm_ws/build/damage_detection/prefix_override:/usr/lib/python3/dist-packages/colcon_core/task/python/colcon_distutils_commands:/home/narayana/swarm_ws/install/damage_detection/lib/python3.12/site-packages:${PYTHONPATH} /usr/bin/python3 -W ignore:setup.py install is deprecated -W ignore:easy_install command is deprecated setup.py develop --editable --build-directory /home/narayana/swarm_ws/build/damage_detection/build --no-deps symlink_data
[3.723s] running develop
[3.950s] running egg_info
[3.950s] creating damage_detection.egg-info
[3.969s] writing damage_detection.egg-info/PKG-INFO
[3.970s] writing dependency_links to damage_detection.egg-info/dependency_links.txt
[3.970s] writing requirements to damage_detection.egg-info/requires.txt
[3.970s] writing top-level names to damage_detection.egg-info/top_level.txt
[3.970s] writing manifest file 'damage_detection.egg-info/SOURCES.txt'
[4.017s] reading manifest file 'damage_detection.egg-info/SOURCES.txt'
[4.018s] writing manifest file 'damage_detection.egg-info/SOURCES.txt'
[4.047s] running build_ext
[4.047s] Creating /home/narayana/swarm_ws/install/damage_detection/lib/python3.12/site-packages/damage-detection.egg-link (link to .)
[4.048s] 
[4.048s] Installed /home/narayana/swarm_ws/build/damage_detection
[4.049s] running symlink_data
[4.049s] creating /home/narayana/swarm_ws/install/damage_detection/share/ament_index
[4.049s] creating /home/narayana/swarm_ws/install/damage_detection/share/ament_index/resource_index
[4.049s] creating /home/narayana/swarm_ws/install/damage_detection/share/ament_index/resource_index/packages
[4.050s] symbolically linking /home/narayana/swarm_ws/build/damage_detection/resource/damage_detection -> /home/narayana/swarm_ws/install/damage_detection/share/ament_index/resource_index/packages
[4.050s] symbolically linking /home/narayana/swarm_ws/build/damage_detection/package.xml -> /home/narayana/swarm_ws/install/damage_detection/share/damage_detection
[4.158s] Invoked command in '/home/narayana/swarm_ws/build/damage_detection' returned '0': PYTHONPATH=/home/narayana/swarm_ws/build/damage_detection/prefix_override:/usr/lib/python3/dist-packages/colcon_core/task/python/colcon_distutils_commands:/home/narayana/swarm_ws/install/damage_detection/lib/python3.12/site-packages:${PYTHONPATH} /usr/bin/python3 -W ignore:setup.py install is deprecated -W ignore:easy_install command is deprecated setup.py develop --editable --build-directory /home/narayana/swarm_ws/build/damage_detection/build --no-deps symlink_data
