[3.365s] Invoking command in '/home/narayana/swarm_ws/build/cbba_allocator': PYTHONPATH=/home/narayana/swarm_ws/build/cbba_allocator/prefix_override:/usr/lib/python3/dist-packages/colcon_core/task/python/colcon_distutils_commands:/home/narayana/swarm_ws/install/cbba_allocator/lib/python3.12/site-packages:${PYTHONPATH} /usr/bin/python3 -W ignore:setup.py install is deprecated -W ignore:easy_install command is deprecated setup.py develop --editable --build-directory /home/narayana/swarm_ws/build/cbba_allocator/build --no-deps symlink_data
[3.755s] running develop
[3.966s] running egg_info
[3.966s] creating cbba_allocator.egg-info
[3.987s] writing cbba_allocator.egg-info/PKG-INFO
[3.987s] writing dependency_links to cbba_allocator.egg-info/dependency_links.txt
[3.988s] writing requirements to cbba_allocator.egg-info/requires.txt
[3.988s] writing top-level names to cbba_allocator.egg-info/top_level.txt
[3.988s] writing manifest file 'cbba_allocator.egg-info/SOURCES.txt'
[4.040s] reading manifest file 'cbba_allocator.egg-info/SOURCES.txt'
[4.041s] writing manifest file 'cbba_allocator.egg-info/SOURCES.txt'
[4.070s] running build_ext
[4.070s] Creating /home/narayana/swarm_ws/install/cbba_allocator/lib/python3.12/site-packages/cbba-allocator.egg-link (link to .)
[4.070s] 
[4.071s] Installed /home/narayana/swarm_ws/build/cbba_allocator
[4.071s] running symlink_data
[4.071s] creating /home/narayana/swarm_ws/install/cbba_allocator/share/ament_index
[4.072s] creating /home/narayana/swarm_ws/install/cbba_allocator/share/ament_index/resource_index
[4.072s] creating /home/narayana/swarm_ws/install/cbba_allocator/share/ament_index/resource_index/packages
[4.072s] symbolically linking /home/narayana/swarm_ws/build/cbba_allocator/resource/cbba_allocator -> /home/narayana/swarm_ws/install/cbba_allocator/share/ament_index/resource_index/packages
[4.072s] symbolically linking /home/narayana/swarm_ws/build/cbba_allocator/package.xml -> /home/narayana/swarm_ws/install/cbba_allocator/share/cbba_allocator
[4.199s] Invoked command in '/home/narayana/swarm_ws/build/cbba_allocator' returned '0': PYTHONPATH=/home/narayana/swarm_ws/build/cbba_allocator/prefix_override:/usr/lib/python3/dist-packages/colcon_core/task/python/colcon_distutils_commands:/home/narayana/swarm_ws/install/cbba_allocator/lib/python3.12/site-packages:${PYTHONPATH} /usr/bin/python3 -W ignore:setup.py install is deprecated -W ignore:easy_install command is deprecated setup.py develop --editable --build-directory /home/narayana/swarm_ws/build/cbba_allocator/build --no-deps symlink_data
