[0.213s] DEBUG:colcon:Command line arguments: ['/usr/bin/colcon', 'build', '--symlink-install']
[0.213s] DEBUG:colcon:Parsed command line arguments: Namespace(log_base=None, log_level=None, verb_name='build', build_base='build', install_base='install', merge_install=False, symlink_install=True, test_result_base=None, continue_on_error=False, executor='parallel', parallel_workers=12, event_handlers=None, ignore_user_meta=False, metas=['./colcon.meta'], base_paths=['.'], packages_ignore=None, packages_ignore_regex=None, paths=None, packages_up_to=None, packages_up_to_regex=None, packages_above=None, packages_above_and_dependencies=None, packages_above_depth=None, packages_select_by_dep=None, packages_skip_by_dep=None, packages_skip_up_to=None, packages_select_build_failed=False, packages_skip_build_finished=False, packages_select_test_failures=False, packages_skip_test_passed=False, packages_select=None, packages_skip=None, packages_select_regex=None, packages_skip_regex=None, packages_start=None, packages_end=None, allow_overriding=[], cmake_args=None, cmake_target=None, cmake_target_skip_unavailable=False, cmake_clean_cache=False, cmake_clean_first=False, cmake_force_configure=False, ament_cmake_args=None, catkin_cmake_args=None, catkin_skip_building_tests=False, verb_parser=<colcon_defaults.argument_parser.defaults.DefaultArgumentsDecorator object at 0x744a7bf5e6f0>, verb_extension=<colcon_core.verb.build.BuildVerb object at 0x744a7bf5e450>, main=<bound method BuildVerb.main of <colcon_core.verb.build.BuildVerb object at 0x744a7bf5e450>>)
[0.252s] Level 1:colcon.colcon_core.package_discovery:discover_packages(colcon_meta) check parameters
[0.252s] Level 1:colcon.colcon_core.package_discovery:discover_packages(recursive) check parameters
[0.252s] Level 1:colcon.colcon_core.package_discovery:discover_packages(ignore) check parameters
[0.252s] Level 1:colcon.colcon_core.package_discovery:discover_packages(path) check parameters
[0.252s] Level 1:colcon.colcon_core.package_discovery:discover_packages(colcon_meta) discover
[0.252s] Level 1:colcon.colcon_core.package_discovery:discover_packages(recursive) discover
[0.252s] INFO:colcon.colcon_core.package_discovery:Crawling recursively for packages in '/home/narayana/swarm_ws'
[0.252s] Level 1:colcon.colcon_core.package_identification:_identify(.) by extensions ['ignore', 'ignore_ament_install']
[0.252s] Level 1:colcon.colcon_core.package_identification:_identify(.) by extension 'ignore'
[0.252s] Level 1:colcon.colcon_core.package_identification:_identify(.) by extension 'ignore_ament_install'
[0.252s] Level 1:colcon.colcon_core.package_identification:_identify(.) by extensions ['colcon_pkg']
[0.252s] Level 1:colcon.colcon_core.package_identification:_identify(.) by extension 'colcon_pkg'
[0.252s] Level 1:colcon.colcon_core.package_identification:_identify(.) by extensions ['colcon_meta']
[0.252s] Level 1:colcon.colcon_core.package_identification:_identify(.) by extension 'colcon_meta'
[0.252s] Level 1:colcon.colcon_core.package_identification:_identify(.) by extensions ['ros']
[0.252s] Level 1:colcon.colcon_core.package_identification:_identify(.) by extension 'ros'
[0.277s] Level 1:colcon.colcon_core.package_identification:_identify(.) by extensions ['cmake', 'python']
[0.277s] Level 1:colcon.colcon_core.package_identification:_identify(.) by extension 'cmake'
[0.277s] Level 1:colcon.colcon_core.package_identification:_identify(.) by extension 'python'
[0.277s] Level 1:colcon.colcon_core.package_identification:_identify(.) by extensions ['python_setup_py']
[0.277s] Level 1:colcon.colcon_core.package_identification:_identify(.) by extension 'python_setup_py'
[0.277s] Level 1:colcon.colcon_core.package_identification:_identify(build) by extensions ['ignore', 'ignore_ament_install']
[0.277s] Level 1:colcon.colcon_core.package_identification:_identify(build) by extension 'ignore'
[0.277s] Level 1:colcon.colcon_core.package_identification:_identify(build) ignored
[0.277s] Level 1:colcon.colcon_core.package_identification:_identify(install) by extensions ['ignore', 'ignore_ament_install']
[0.278s] Level 1:colcon.colcon_core.package_identification:_identify(install) by extension 'ignore'
[0.278s] Level 1:colcon.colcon_core.package_identification:_identify(install) ignored
[0.278s] Level 1:colcon.colcon_core.package_identification:_identify(log) by extensions ['ignore', 'ignore_ament_install']
[0.278s] Level 1:colcon.colcon_core.package_identification:_identify(log) by extension 'ignore'
[0.278s] Level 1:colcon.colcon_core.package_identification:_identify(log) ignored
[0.278s] Level 1:colcon.colcon_core.package_identification:_identify(src) by extensions ['ignore', 'ignore_ament_install']
[0.278s] Level 1:colcon.colcon_core.package_identification:_identify(src) by extension 'ignore'
[0.278s] Level 1:colcon.colcon_core.package_identification:_identify(src) by extension 'ignore_ament_install'
[0.278s] Level 1:colcon.colcon_core.package_identification:_identify(src) by extensions ['colcon_pkg']
[0.278s] Level 1:colcon.colcon_core.package_identification:_identify(src) by extension 'colcon_pkg'
[0.278s] Level 1:colcon.colcon_core.package_identification:_identify(src) by extensions ['colcon_meta']
[0.278s] Level 1:colcon.colcon_core.package_identification:_identify(src) by extension 'colcon_meta'
[0.278s] Level 1:colcon.colcon_core.package_identification:_identify(src) by extensions ['ros']
[0.278s] Level 1:colcon.colcon_core.package_identification:_identify(src) by extension 'ros'
[0.278s] Level 1:colcon.colcon_core.package_identification:_identify(src) by extensions ['cmake', 'python']
[0.278s] Level 1:colcon.colcon_core.package_identification:_identify(src) by extension 'cmake'
[0.278s] Level 1:colcon.colcon_core.package_identification:_identify(src) by extension 'python'
[0.278s] Level 1:colcon.colcon_core.package_identification:_identify(src) by extensions ['python_setup_py']
[0.278s] Level 1:colcon.colcon_core.package_identification:_identify(src) by extension 'python_setup_py'
[0.278s] Level 1:colcon.colcon_core.package_identification:_identify(src/belief_fusion) by extensions ['ignore', 'ignore_ament_install']
[0.278s] Level 1:colcon.colcon_core.package_identification:_identify(src/belief_fusion) by extension 'ignore'
[0.279s] Level 1:colcon.colcon_core.package_identification:_identify(src/belief_fusion) by extension 'ignore_ament_install'
[0.279s] Level 1:colcon.colcon_core.package_identification:_identify(src/belief_fusion) by extensions ['colcon_pkg']
[0.279s] Level 1:colcon.colcon_core.package_identification:_identify(src/belief_fusion) by extension 'colcon_pkg'
[0.279s] Level 1:colcon.colcon_core.package_identification:_identify(src/belief_fusion) by extensions ['colcon_meta']
[0.279s] Level 1:colcon.colcon_core.package_identification:_identify(src/belief_fusion) by extension 'colcon_meta'
[0.279s] Level 1:colcon.colcon_core.package_identification:_identify(src/belief_fusion) by extensions ['ros']
[0.279s] Level 1:colcon.colcon_core.package_identification:_identify(src/belief_fusion) by extension 'ros'
[0.282s] DEBUG:colcon.colcon_core.package_identification:Package 'src/belief_fusion' with type 'ros.ament_python' and name 'belief_fusion'
[0.282s] Level 1:colcon.colcon_core.package_identification:_identify(src/cbba_allocator) by extensions ['ignore', 'ignore_ament_install']
[0.282s] Level 1:colcon.colcon_core.package_identification:_identify(src/cbba_allocator) by extension 'ignore'
[0.282s] Level 1:colcon.colcon_core.package_identification:_identify(src/cbba_allocator) by extension 'ignore_ament_install'
[0.282s] Level 1:colcon.colcon_core.package_identification:_identify(src/cbba_allocator) by extensions ['colcon_pkg']
[0.282s] Level 1:colcon.colcon_core.package_identification:_identify(src/cbba_allocator) by extension 'colcon_pkg'
[0.282s] Level 1:colcon.colcon_core.package_identification:_identify(src/cbba_allocator) by extensions ['colcon_meta']
[0.282s] Level 1:colcon.colcon_core.package_identification:_identify(src/cbba_allocator) by extension 'colcon_meta'
[0.282s] Level 1:colcon.colcon_core.package_identification:_identify(src/cbba_allocator) by extensions ['ros']
[0.282s] Level 1:colcon.colcon_core.package_identification:_identify(src/cbba_allocator) by extension 'ros'
[0.283s] DEBUG:colcon.colcon_core.package_identification:Package 'src/cbba_allocator' with type 'ros.ament_python' and name 'cbba_allocator'
[0.283s] Level 1:colcon.colcon_core.package_identification:_identify(src/damage_detection) by extensions ['ignore', 'ignore_ament_install']
[0.283s] Level 1:colcon.colcon_core.package_identification:_identify(src/damage_detection) by extension 'ignore'
[0.283s] Level 1:colcon.colcon_core.package_identification:_identify(src/damage_detection) by extension 'ignore_ament_install'
[0.283s] Level 1:colcon.colcon_core.package_identification:_identify(src/damage_detection) by extensions ['colcon_pkg']
[0.283s] Level 1:colcon.colcon_core.package_identification:_identify(src/damage_detection) by extension 'colcon_pkg'
[0.283s] Level 1:colcon.colcon_core.package_identification:_identify(src/damage_detection) by extensions ['colcon_meta']
[0.283s] Level 1:colcon.colcon_core.package_identification:_identify(src/damage_detection) by extension 'colcon_meta'
[0.283s] Level 1:colcon.colcon_core.package_identification:_identify(src/damage_detection) by extensions ['ros']
[0.283s] Level 1:colcon.colcon_core.package_identification:_identify(src/damage_detection) by extension 'ros'
[0.284s] DEBUG:colcon.colcon_core.package_identification:Package 'src/damage_detection' with type 'ros.ament_python' and name 'damage_detection'
[0.284s] Level 1:colcon.colcon_core.package_identification:_identify(src/dashboard) by extensions ['ignore', 'ignore_ament_install']
[0.284s] Level 1:colcon.colcon_core.package_identification:_identify(src/dashboard) by extension 'ignore'
[0.284s] Level 1:colcon.colcon_core.package_identification:_identify(src/dashboard) by extension 'ignore_ament_install'
[0.284s] Level 1:colcon.colcon_core.package_identification:_identify(src/dashboard) by extensions ['colcon_pkg']
[0.284s] Level 1:colcon.colcon_core.package_identification:_identify(src/dashboard) by extension 'colcon_pkg'
[0.284s] Level 1:colcon.colcon_core.package_identification:_identify(src/dashboard) by extensions ['colcon_meta']
[0.284s] Level 1:colcon.colcon_core.package_identification:_identify(src/dashboard) by extension 'colcon_meta'
[0.284s] Level 1:colcon.colcon_core.package_identification:_identify(src/dashboard) by extensions ['ros']
[0.284s] Level 1:colcon.colcon_core.package_identification:_identify(src/dashboard) by extension 'ros'
[0.284s] DEBUG:colcon.colcon_core.package_identification:Package 'src/dashboard' with type 'ros.ament_python' and name 'dashboard'
[0.285s] Level 1:colcon.colcon_core.package_identification:_identify(src/occupancy_mapping) by extensions ['ignore', 'ignore_ament_install']
[0.285s] Level 1:colcon.colcon_core.package_identification:_identify(src/occupancy_mapping) by extension 'ignore'
[0.285s] Level 1:colcon.colcon_core.package_identification:_identify(src/occupancy_mapping) by extension 'ignore_ament_install'
[0.285s] Level 1:colcon.colcon_core.package_identification:_identify(src/occupancy_mapping) by extensions ['colcon_pkg']
[0.285s] Level 1:colcon.colcon_core.package_identification:_identify(src/occupancy_mapping) by extension 'colcon_pkg'
[0.285s] Level 1:colcon.colcon_core.package_identification:_identify(src/occupancy_mapping) by extensions ['colcon_meta']
[0.285s] Level 1:colcon.colcon_core.package_identification:_identify(src/occupancy_mapping) by extension 'colcon_meta'
[0.285s] Level 1:colcon.colcon_core.package_identification:_identify(src/occupancy_mapping) by extensions ['ros']
[0.285s] Level 1:colcon.colcon_core.package_identification:_identify(src/occupancy_mapping) by extension 'ros'
[0.285s] DEBUG:colcon.colcon_core.package_identification:Package 'src/occupancy_mapping' with type 'ros.ament_python' and name 'occupancy_mapping'
[0.285s] Level 1:colcon.colcon_core.package_identification:_identify(src/simulation) by extensions ['ignore', 'ignore_ament_install']
[0.285s] Level 1:colcon.colcon_core.package_identification:_identify(src/simulation) by extension 'ignore'
[0.285s] Level 1:colcon.colcon_core.package_identification:_identify(src/simulation) by extension 'ignore_ament_install'
[0.285s] Level 1:colcon.colcon_core.package_identification:_identify(src/simulation) by extensions ['colcon_pkg']
[0.285s] Level 1:colcon.colcon_core.package_identification:_identify(src/simulation) by extension 'colcon_pkg'
[0.285s] Level 1:colcon.colcon_core.package_identification:_identify(src/simulation) by extensions ['colcon_meta']
[0.286s] Level 1:colcon.colcon_core.package_identification:_identify(src/simulation) by extension 'colcon_meta'
[0.286s] Level 1:colcon.colcon_core.package_identification:_identify(src/simulation) by extensions ['ros']
[0.286s] Level 1:colcon.colcon_core.package_identification:_identify(src/simulation) by extension 'ros'
[0.286s] DEBUG:colcon.colcon_core.package_identification:Package 'src/simulation' with type 'ros.ament_python' and name 'simulation'
[0.286s] Level 1:colcon.colcon_core.package_identification:_identify(src/swarm_control) by extensions ['ignore', 'ignore_ament_install']
[0.286s] Level 1:colcon.colcon_core.package_identification:_identify(src/swarm_control) by extension 'ignore'
[0.286s] Level 1:colcon.colcon_core.package_identification:_identify(src/swarm_control) by extension 'ignore_ament_install'
[0.286s] Level 1:colcon.colcon_core.package_identification:_identify(src/swarm_control) by extensions ['colcon_pkg']
[0.286s] Level 1:colcon.colcon_core.package_identification:_identify(src/swarm_control) by extension 'colcon_pkg'
[0.286s] Level 1:colcon.colcon_core.package_identification:_identify(src/swarm_control) by extensions ['colcon_meta']
[0.286s] Level 1:colcon.colcon_core.package_identification:_identify(src/swarm_control) by extension 'colcon_meta'
[0.286s] Level 1:colcon.colcon_core.package_identification:_identify(src/swarm_control) by extensions ['ros']
[0.286s] Level 1:colcon.colcon_core.package_identification:_identify(src/swarm_control) by extension 'ros'
[0.287s] DEBUG:colcon.colcon_core.package_identification:Package 'src/swarm_control' with type 'ros.ament_python' and name 'swarm_control'
[0.287s] Level 1:colcon.colcon_core.package_discovery:discover_packages(recursive) using defaults
[0.287s] Level 1:colcon.colcon_core.package_discovery:discover_packages(ignore) discover
[0.287s] Level 1:colcon.colcon_core.package_discovery:discover_packages(ignore) using defaults
[0.287s] Level 1:colcon.colcon_core.package_discovery:discover_packages(path) discover
[0.287s] Level 1:colcon.colcon_core.package_discovery:discover_packages(path) using defaults
[0.306s] Level 1:colcon.colcon_core.package_discovery:discover_packages(prefix_path) check parameters
[0.306s] Level 1:colcon.colcon_core.package_discovery:discover_packages(prefix_path) discover
[0.312s] DEBUG:colcon.colcon_installed_package_information.package_discovery:Found 319 installed packages in /opt/ros/jazzy
[0.313s] Level 1:colcon.colcon_core.package_discovery:discover_packages(prefix_path) using defaults
[0.360s] Level 5:colcon.colcon_core.verb:set package 'belief_fusion' build argument 'cmake_args' from command line to 'None'
[0.361s] Level 5:colcon.colcon_core.verb:set package 'belief_fusion' build argument 'cmake_target' from command line to 'None'
[0.361s] Level 5:colcon.colcon_core.verb:set package 'belief_fusion' build argument 'cmake_target_skip_unavailable' from command line to 'False'
[0.361s] Level 5:colcon.colcon_core.verb:set package 'belief_fusion' build argument 'cmake_clean_cache' from command line to 'False'
[0.361s] Level 5:colcon.colcon_core.verb:set package 'belief_fusion' build argument 'cmake_clean_first' from command line to 'False'
[0.361s] Level 5:colcon.colcon_core.verb:set package 'belief_fusion' build argument 'cmake_force_configure' from command line to 'False'
[0.361s] Level 5:colcon.colcon_core.verb:set package 'belief_fusion' build argument 'ament_cmake_args' from command line to 'None'
[0.361s] Level 5:colcon.colcon_core.verb:set package 'belief_fusion' build argument 'catkin_cmake_args' from command line to 'None'
[0.361s] Level 5:colcon.colcon_core.verb:set package 'belief_fusion' build argument 'catkin_skip_building_tests' from command line to 'False'
[0.361s] DEBUG:colcon.colcon_core.verb:Building package 'belief_fusion' with the following arguments: {'ament_cmake_args': None, 'build_base': '/home/narayana/swarm_ws/build/belief_fusion', 'catkin_cmake_args': None, 'catkin_skip_building_tests': False, 'cmake_args': None, 'cmake_clean_cache': False, 'cmake_clean_first': False, 'cmake_force_configure': False, 'cmake_target': None, 'cmake_target_skip_unavailable': False, 'install_base': '/home/narayana/swarm_ws/install/belief_fusion', 'merge_install': False, 'path': '/home/narayana/swarm_ws/src/belief_fusion', 'symlink_install': True, 'test_result_base': None}
[0.361s] Level 5:colcon.colcon_core.verb:set package 'cbba_allocator' build argument 'cmake_args' from command line to 'None'
[0.361s] Level 5:colcon.colcon_core.verb:set package 'cbba_allocator' build argument 'cmake_target' from command line to 'None'
[0.361s] Level 5:colcon.colcon_core.verb:set package 'cbba_allocator' build argument 'cmake_target_skip_unavailable' from command line to 'False'
[0.361s] Level 5:colcon.colcon_core.verb:set package 'cbba_allocator' build argument 'cmake_clean_cache' from command line to 'False'
[0.361s] Level 5:colcon.colcon_core.verb:set package 'cbba_allocator' build argument 'cmake_clean_first' from command line to 'False'
[0.361s] Level 5:colcon.colcon_core.verb:set package 'cbba_allocator' build argument 'cmake_force_configure' from command line to 'False'
[0.361s] Level 5:colcon.colcon_core.verb:set package 'cbba_allocator' build argument 'ament_cmake_args' from command line to 'None'
[0.361s] Level 5:colcon.colcon_core.verb:set package 'cbba_allocator' build argument 'catkin_cmake_args' from command line to 'None'
[0.361s] Level 5:colcon.colcon_core.verb:set package 'cbba_allocator' build argument 'catkin_skip_building_tests' from command line to 'False'
[0.361s] DEBUG:colcon.colcon_core.verb:Building package 'cbba_allocator' with the following arguments: {'ament_cmake_args': None, 'build_base': '/home/narayana/swarm_ws/build/cbba_allocator', 'catkin_cmake_args': None, 'catkin_skip_building_tests': False, 'cmake_args': None, 'cmake_clean_cache': False, 'cmake_clean_first': False, 'cmake_force_configure': False, 'cmake_target': None, 'cmake_target_skip_unavailable': False, 'install_base': '/home/narayana/swarm_ws/install/cbba_allocator', 'merge_install': False, 'path': '/home/narayana/swarm_ws/src/cbba_allocator', 'symlink_install': True, 'test_result_base': None}
[0.361s] Level 5:colcon.colcon_core.verb:set package 'damage_detection' build argument 'cmake_args' from command line to 'None'
[0.361s] Level 5:colcon.colcon_core.verb:set package 'damage_detection' build argument 'cmake_target' from command line to 'None'
[0.361s] Level 5:colcon.colcon_core.verb:set package 'damage_detection' build argument 'cmake_target_skip_unavailable' from command line to 'False'
[0.361s] Level 5:colcon.colcon_core.verb:set package 'damage_detection' build argument 'cmake_clean_cache' from command line to 'False'
[0.361s] Level 5:colcon.colcon_core.verb:set package 'damage_detection' build argument 'cmake_clean_first' from command line to 'False'
[0.361s] Level 5:colcon.colcon_core.verb:set package 'damage_detection' build argument 'cmake_force_configure' from command line to 'False'
[0.361s] Level 5:colcon.colcon_core.verb:set package 'damage_detection' build argument 'ament_cmake_args' from command line to 'None'
[0.361s] Level 5:colcon.colcon_core.verb:set package 'damage_detection' build argument 'catkin_cmake_args' from command line to 'None'
[0.361s] Level 5:colcon.colcon_core.verb:set package 'damage_detection' build argument 'catkin_skip_building_tests' from command line to 'False'
[0.361s] DEBUG:colcon.colcon_core.verb:Building package 'damage_detection' with the following arguments: {'ament_cmake_args': None, 'build_base': '/home/narayana/swarm_ws/build/damage_detection', 'catkin_cmake_args': None, 'catkin_skip_building_tests': False, 'cmake_args': None, 'cmake_clean_cache': False, 'cmake_clean_first': False, 'cmake_force_configure': False, 'cmake_target': None, 'cmake_target_skip_unavailable': False, 'install_base': '/home/narayana/swarm_ws/install/damage_detection', 'merge_install': False, 'path': '/home/narayana/swarm_ws/src/damage_detection', 'symlink_install': True, 'test_result_base': None}
[0.362s] Level 5:colcon.colcon_core.verb:set package 'dashboard' build argument 'cmake_args' from command line to 'None'
[0.362s] Level 5:colcon.colcon_core.verb:set package 'dashboard' build argument 'cmake_target' from command line to 'None'
[0.362s] Level 5:colcon.colcon_core.verb:set package 'dashboard' build argument 'cmake_target_skip_unavailable' from command line to 'False'
[0.362s] Level 5:colcon.colcon_core.verb:set package 'dashboard' build argument 'cmake_clean_cache' from command line to 'False'
[0.362s] Level 5:colcon.colcon_core.verb:set package 'dashboard' build argument 'cmake_clean_first' from command line to 'False'
[0.362s] Level 5:colcon.colcon_core.verb:set package 'dashboard' build argument 'cmake_force_configure' from command line to 'False'
[0.362s] Level 5:colcon.colcon_core.verb:set package 'dashboard' build argument 'ament_cmake_args' from command line to 'None'
[0.362s] Level 5:colcon.colcon_core.verb:set package 'dashboard' build argument 'catkin_cmake_args' from command line to 'None'
[0.362s] Level 5:colcon.colcon_core.verb:set package 'dashboard' build argument 'catkin_skip_building_tests' from command line to 'False'
[0.362s] DEBUG:colcon.colcon_core.verb:Building package 'dashboard' with the following arguments: {'ament_cmake_args': None, 'build_base': '/home/narayana/swarm_ws/build/dashboard', 'catkin_cmake_args': None, 'catkin_skip_building_tests': False, 'cmake_args': None, 'cmake_clean_cache': False, 'cmake_clean_first': False, 'cmake_force_configure': False, 'cmake_target': None, 'cmake_target_skip_unavailable': False, 'install_base': '/home/narayana/swarm_ws/install/dashboard', 'merge_install': False, 'path': '/home/narayana/swarm_ws/src/dashboard', 'symlink_install': True, 'test_result_base': None}
[0.362s] Level 5:colcon.colcon_core.verb:set package 'occupancy_mapping' build argument 'cmake_args' from command line to 'None'
[0.362s] Level 5:colcon.colcon_core.verb:set package 'occupancy_mapping' build argument 'cmake_target' from command line to 'None'
[0.362s] Level 5:colcon.colcon_core.verb:set package 'occupancy_mapping' build argument 'cmake_target_skip_unavailable' from command line to 'False'
[0.362s] Level 5:colcon.colcon_core.verb:set package 'occupancy_mapping' build argument 'cmake_clean_cache' from command line to 'False'
[0.362s] Level 5:colcon.colcon_core.verb:set package 'occupancy_mapping' build argument 'cmake_clean_first' from command line to 'False'
[0.362s] Level 5:colcon.colcon_core.verb:set package 'occupancy_mapping' build argument 'cmake_force_configure' from command line to 'False'
[0.362s] Level 5:colcon.colcon_core.verb:set package 'occupancy_mapping' build argument 'ament_cmake_args' from command line to 'None'
[0.362s] Level 5:colcon.colcon_core.verb:set package 'occupancy_mapping' build argument 'catkin_cmake_args' from command line to 'None'
[0.362s] Level 5:colcon.colcon_core.verb:set package 'occupancy_mapping' build argument 'catkin_skip_building_tests' from command line to 'False'
[0.362s] DEBUG:colcon.colcon_core.verb:Building package 'occupancy_mapping' with the following arguments: {'ament_cmake_args': None, 'build_base': '/home/narayana/swarm_ws/build/occupancy_mapping', 'catkin_cmake_args': None, 'catkin_skip_building_tests': False, 'cmake_args': None, 'cmake_clean_cache': False, 'cmake_clean_first': False, 'cmake_force_configure': False, 'cmake_target': None, 'cmake_target_skip_unavailable': False, 'install_base': '/home/narayana/swarm_ws/install/occupancy_mapping', 'merge_install': False, 'path': '/home/narayana/swarm_ws/src/occupancy_mapping', 'symlink_install': True, 'test_result_base': None}
[0.362s] Level 5:colcon.colcon_core.verb:set package 'simulation' build argument 'cmake_args' from command line to 'None'
[0.362s] Level 5:colcon.colcon_core.verb:set package 'simulation' build argument 'cmake_target' from command line to 'None'
[0.362s] Level 5:colcon.colcon_core.verb:set package 'simulation' build argument 'cmake_target_skip_unavailable' from command line to 'False'
[0.362s] Level 5:colcon.colcon_core.verb:set package 'simulation' build argument 'cmake_clean_cache' from command line to 'False'
[0.362s] Level 5:colcon.colcon_core.verb:set package 'simulation' build argument 'cmake_clean_first' from command line to 'False'
[0.362s] Level 5:colcon.colcon_core.verb:set package 'simulation' build argument 'cmake_force_configure' from command line to 'False'
[0.362s] Level 5:colcon.colcon_core.verb:set package 'simulation' build argument 'ament_cmake_args' from command line to 'None'
[0.362s] Level 5:colcon.colcon_core.verb:set package 'simulation' build argument 'catkin_cmake_args' from command line to 'None'
[0.362s] Level 5:colcon.colcon_core.verb:set package 'simulation' build argument 'catkin_skip_building_tests' from command line to 'False'
[0.362s] DEBUG:colcon.colcon_core.verb:Building package 'simulation' with the following arguments: {'ament_cmake_args': None, 'build_base': '/home/narayana/swarm_ws/build/simulation', 'catkin_cmake_args': None, 'catkin_skip_building_tests': False, 'cmake_args': None, 'cmake_clean_cache': False, 'cmake_clean_first': False, 'cmake_force_configure': False, 'cmake_target': None, 'cmake_target_skip_unavailable': False, 'install_base': '/home/narayana/swarm_ws/install/simulation', 'merge_install': False, 'path': '/home/narayana/swarm_ws/src/simulation', 'symlink_install': True, 'test_result_base': None}
[0.363s] Level 5:colcon.colcon_core.verb:set package 'swarm_control' build argument 'cmake_args' from command line to 'None'
[0.363s] Level 5:colcon.colcon_core.verb:set package 'swarm_control' build argument 'cmake_target' from command line to 'None'
[0.363s] Level 5:colcon.colcon_core.verb:set package 'swarm_control' build argument 'cmake_target_skip_unavailable' from command line to 'False'
[0.363s] Level 5:colcon.colcon_core.verb:set package 'swarm_control' build argument 'cmake_clean_cache' from command line to 'False'
[0.363s] Level 5:colcon.colcon_core.verb:set package 'swarm_control' build argument 'cmake_clean_first' from command line to 'False'
[0.363s] Level 5:colcon.colcon_core.verb:set package 'swarm_control' build argument 'cmake_force_configure' from command line to 'False'
[0.363s] Level 5:colcon.colcon_core.verb:set package 'swarm_control' build argument 'ament_cmake_args' from command line to 'None'
[0.363s] Level 5:colcon.colcon_core.verb:set package 'swarm_control' build argument 'catkin_cmake_args' from command line to 'None'
[0.363s] Level 5:colcon.colcon_core.verb:set package 'swarm_control' build argument 'catkin_skip_building_tests' from command line to 'False'
[0.363s] DEBUG:colcon.colcon_core.verb:Building package 'swarm_control' with the following arguments: {'ament_cmake_args': None, 'build_base': '/home/narayana/swarm_ws/build/swarm_control', 'catkin_cmake_args': None, 'catkin_skip_building_tests': False, 'cmake_args': None, 'cmake_clean_cache': False, 'cmake_clean_first': False, 'cmake_force_configure': False, 'cmake_target': None, 'cmake_target_skip_unavailable': False, 'install_base': '/home/narayana/swarm_ws/install/swarm_control', 'merge_install': False, 'path': '/home/narayana/swarm_ws/src/swarm_control', 'symlink_install': True, 'test_result_base': None}
[0.363s] INFO:colcon.colcon_core.executor:Executing jobs using 'parallel' executor
[0.365s] DEBUG:colcon.colcon_parallel_executor.executor.parallel:run_until_complete
[0.365s] INFO:colcon.colcon_ros.task.ament_python.build:Building ROS package in '/home/narayana/swarm_ws/src/belief_fusion' with build type 'ament_python'
[0.365s] Level 1:colcon.colcon_core.shell:create_environment_hook('belief_fusion', 'ament_prefix_path')
[0.372s] INFO:colcon.colcon_core.plugin_system:Skipping extension 'colcon_core.shell.bat': Not used on non-Windows systems
[0.373s] INFO:colcon.colcon_core.shell:Creating environment hook '/home/narayana/swarm_ws/install/belief_fusion/share/belief_fusion/hook/ament_prefix_path.ps1'
[0.374s] INFO:colcon.colcon_core.shell:Creating environment descriptor '/home/narayana/swarm_ws/install/belief_fusion/share/belief_fusion/hook/ament_prefix_path.dsv'
[0.375s] INFO:colcon.colcon_core.shell:Creating environment hook '/home/narayana/swarm_ws/install/belief_fusion/share/belief_fusion/hook/ament_prefix_path.sh'
[0.376s] INFO:colcon.colcon_core.shell:Skip shell extension 'powershell' for command environment: Not usable outside of PowerShell
[0.376s] DEBUG:colcon.colcon_core.shell:Skip shell extension 'dsv' for command environment
[0.379s] INFO:colcon.colcon_ros.task.ament_python.build:Building ROS package in '/home/narayana/swarm_ws/src/cbba_allocator' with build type 'ament_python'
[0.380s] Level 1:colcon.colcon_core.shell:create_environment_hook('cbba_allocator', 'ament_prefix_path')
[0.380s] INFO:colcon.colcon_core.shell:Creating environment hook '/home/narayana/swarm_ws/install/cbba_allocator/share/cbba_allocator/hook/ament_prefix_path.ps1'
[0.382s] INFO:colcon.colcon_core.shell:Creating environment descriptor '/home/narayana/swarm_ws/install/cbba_allocator/share/cbba_allocator/hook/ament_prefix_path.dsv'
[0.383s] INFO:colcon.colcon_core.shell:Creating environment hook '/home/narayana/swarm_ws/install/cbba_allocator/share/cbba_allocator/hook/ament_prefix_path.sh'
[0.383s] INFO:colcon.colcon_core.shell:Skip shell extension 'powershell' for command environment: Not usable outside of PowerShell
[0.383s] DEBUG:colcon.colcon_core.shell:Skip shell extension 'dsv' for command environment
[0.386s] INFO:colcon.colcon_ros.task.ament_python.build:Building ROS package in '/home/narayana/swarm_ws/src/damage_detection' with build type 'ament_python'
[0.387s] Level 1:colcon.colcon_core.shell:create_environment_hook('damage_detection', 'ament_prefix_path')
[0.387s] INFO:colcon.colcon_core.shell:Creating environment hook '/home/narayana/swarm_ws/install/damage_detection/share/damage_detection/hook/ament_prefix_path.ps1'
[0.388s] INFO:colcon.colcon_core.shell:Creating environment descriptor '/home/narayana/swarm_ws/install/damage_detection/share/damage_detection/hook/ament_prefix_path.dsv'
[0.388s] INFO:colcon.colcon_core.shell:Creating environment hook '/home/narayana/swarm_ws/install/damage_detection/share/damage_detection/hook/ament_prefix_path.sh'
[0.389s] INFO:colcon.colcon_core.shell:Skip shell extension 'powershell' for command environment: Not usable outside of PowerShell
[0.389s] DEBUG:colcon.colcon_core.shell:Skip shell extension 'dsv' for command environment
[0.391s] INFO:colcon.colcon_ros.task.ament_python.build:Building ROS package in '/home/narayana/swarm_ws/src/dashboard' with build type 'ament_python'
[0.391s] Level 1:colcon.colcon_core.shell:create_environment_hook('dashboard', 'ament_prefix_path')
[0.391s] INFO:colcon.colcon_core.shell:Creating environment hook '/home/narayana/swarm_ws/install/dashboard/share/dashboard/hook/ament_prefix_path.ps1'
[0.392s] INFO:colcon.colcon_core.shell:Creating environment descriptor '/home/narayana/swarm_ws/install/dashboard/share/dashboard/hook/ament_prefix_path.dsv'
[0.393s] INFO:colcon.colcon_core.shell:Creating environment hook '/home/narayana/swarm_ws/install/dashboard/share/dashboard/hook/ament_prefix_path.sh'
[0.393s] INFO:colcon.colcon_core.shell:Skip shell extension 'powershell' for command environment: Not usable outside of PowerShell
[0.393s] DEBUG:colcon.colcon_core.shell:Skip shell extension 'dsv' for command environment
[0.396s] INFO:colcon.colcon_ros.task.ament_python.build:Building ROS package in '/home/narayana/swarm_ws/src/occupancy_mapping' with build type 'ament_python'
[0.396s] Level 1:colcon.colcon_core.shell:create_environment_hook('occupancy_mapping', 'ament_prefix_path')
[0.396s] INFO:colcon.colcon_core.shell:Creating environment hook '/home/narayana/swarm_ws/install/occupancy_mapping/share/occupancy_mapping/hook/ament_prefix_path.ps1'
[0.397s] INFO:colcon.colcon_core.shell:Creating environment descriptor '/home/narayana/swarm_ws/install/occupancy_mapping/share/occupancy_mapping/hook/ament_prefix_path.dsv'
[0.398s] INFO:colcon.colcon_core.shell:Creating environment hook '/home/narayana/swarm_ws/install/occupancy_mapping/share/occupancy_mapping/hook/ament_prefix_path.sh'
[0.398s] INFO:colcon.colcon_core.shell:Skip shell extension 'powershell' for command environment: Not usable outside of PowerShell
[0.398s] DEBUG:colcon.colcon_core.shell:Skip shell extension 'dsv' for command environment
[0.401s] INFO:colcon.colcon_ros.task.ament_python.build:Building ROS package in '/home/narayana/swarm_ws/src/simulation' with build type 'ament_python'
[0.401s] Level 1:colcon.colcon_core.shell:create_environment_hook('simulation', 'ament_prefix_path')
[0.402s] INFO:colcon.colcon_core.shell:Creating environment hook '/home/narayana/swarm_ws/install/simulation/share/simulation/hook/ament_prefix_path.ps1'
[0.403s] INFO:colcon.colcon_core.shell:Creating environment descriptor '/home/narayana/swarm_ws/install/simulation/share/simulation/hook/ament_prefix_path.dsv'
[0.403s] INFO:colcon.colcon_core.shell:Creating environment hook '/home/narayana/swarm_ws/install/simulation/share/simulation/hook/ament_prefix_path.sh'
[0.403s] INFO:colcon.colcon_core.shell:Skip shell extension 'powershell' for command environment: Not usable outside of PowerShell
[0.403s] DEBUG:colcon.colcon_core.shell:Skip shell extension 'dsv' for command environment
[0.406s] INFO:colcon.colcon_ros.task.ament_python.build:Building ROS package in '/home/narayana/swarm_ws/src/swarm_control' with build type 'ament_python'
[0.406s] Level 1:colcon.colcon_core.shell:create_environment_hook('swarm_control', 'ament_prefix_path')
[0.406s] INFO:colcon.colcon_core.shell:Creating environment hook '/home/narayana/swarm_ws/install/swarm_control/share/swarm_control/hook/ament_prefix_path.ps1'
[0.407s] INFO:colcon.colcon_core.shell:Creating environment descriptor '/home/narayana/swarm_ws/install/swarm_control/share/swarm_control/hook/ament_prefix_path.dsv'
[0.407s] INFO:colcon.colcon_core.shell:Creating environment hook '/home/narayana/swarm_ws/install/swarm_control/share/swarm_control/hook/ament_prefix_path.sh'
[0.408s] INFO:colcon.colcon_core.shell:Skip shell extension 'powershell' for command environment: Not usable outside of PowerShell
[0.408s] DEBUG:colcon.colcon_core.shell:Skip shell extension 'dsv' for command environment
[0.673s] INFO:colcon.colcon_core.task.python.build:Building Python package in '/home/narayana/swarm_ws/src/belief_fusion'
[0.673s] INFO:colcon.colcon_core.shell:Skip shell extension 'powershell' for command environment: Not usable outside of PowerShell
[0.673s] DEBUG:colcon.colcon_core.shell:Skip shell extension 'dsv' for command environment
[0.892s] INFO:colcon.colcon_core.task.python.build:Building Python package in '/home/narayana/swarm_ws/src/cbba_allocator'
[0.892s] INFO:colcon.colcon_core.shell:Skip shell extension 'powershell' for command environment: Not usable outside of PowerShell
[0.892s] DEBUG:colcon.colcon_core.shell:Skip shell extension 'dsv' for command environment
[1.113s] INFO:colcon.colcon_core.task.python.build:Building Python package in '/home/narayana/swarm_ws/src/damage_detection'
[1.113s] INFO:colcon.colcon_core.shell:Skip shell extension 'powershell' for command environment: Not usable outside of PowerShell
[1.113s] DEBUG:colcon.colcon_core.shell:Skip shell extension 'dsv' for command environment
[1.328s] INFO:colcon.colcon_core.task.python.build:Building Python package in '/home/narayana/swarm_ws/src/dashboard'
[1.329s] INFO:colcon.colcon_core.shell:Skip shell extension 'powershell' for command environment: Not usable outside of PowerShell
[1.329s] DEBUG:colcon.colcon_core.shell:Skip shell extension 'dsv' for command environment
[1.572s] INFO:colcon.colcon_core.task.python.build:Building Python package in '/home/narayana/swarm_ws/src/occupancy_mapping'
[1.572s] INFO:colcon.colcon_core.shell:Skip shell extension 'powershell' for command environment: Not usable outside of PowerShell
[1.572s] DEBUG:colcon.colcon_core.shell:Skip shell extension 'dsv' for command environment
[1.774s] INFO:colcon.colcon_core.task.python.build:Building Python package in '/home/narayana/swarm_ws/src/simulation'
[1.774s] INFO:colcon.colcon_core.shell:Skip shell extension 'powershell' for command environment: Not usable outside of PowerShell
[1.774s] DEBUG:colcon.colcon_core.shell:Skip shell extension 'dsv' for command environment
[2.000s] INFO:colcon.colcon_core.task.python.build:Building Python package in '/home/narayana/swarm_ws/src/swarm_control'
[2.000s] INFO:colcon.colcon_core.shell:Skip shell extension 'powershell' for command environment: Not usable outside of PowerShell
[2.000s] DEBUG:colcon.colcon_core.shell:Skip shell extension 'dsv' for command environment
[3.243s] DEBUG:colcon.colcon_core.task.python.build:Available setuptools commands: dist_info, rotate, build_clib, install_headers, check, bdist_dumb, setopt, build, upload, develop, compile_catalog, install_data, register, editable_wheel, bdist_rpm, easy_install, bdist_egg, install_egg_info, install, saveopts, egg_info, test, symlink_data, alias, bdist, upload_docs, sdist, update_catalog, extract_messages, build_scripts, init_catalog, build_py, build_ext, install_scripts, install_lib, clean
[3.258s] DEBUG:colcon.colcon_core.task.python.build:Available setuptools commands: dist_info, rotate, build_clib, install_headers, check, bdist_dumb, setopt, build, upload, develop, compile_catalog, install_data, register, editable_wheel, bdist_rpm, easy_install, bdist_egg, install_egg_info, install, saveopts, egg_info, test, symlink_data, alias, bdist, upload_docs, sdist, update_catalog, extract_messages, build_scripts, init_catalog, build_py, build_ext, install_scripts, install_lib, clean
[3.261s] DEBUG:colcon.colcon_core.task.python.build:Available setuptools commands: dist_info, rotate, build_clib, install_headers, check, bdist_dumb, setopt, build, upload, develop, compile_catalog, install_data, register, editable_wheel, bdist_rpm, easy_install, bdist_egg, install_egg_info, install, saveopts, egg_info, test, symlink_data, alias, bdist, upload_docs, sdist, update_catalog, extract_messages, build_scripts, init_catalog, build_py, build_ext, install_scripts, install_lib, clean
[3.268s] DEBUG:colcon.colcon_core.task.python.build:Available setuptools commands: dist_info, rotate, build_clib, install_headers, check, bdist_dumb, setopt, build, upload, develop, compile_catalog, install_data, register, editable_wheel, bdist_rpm, easy_install, bdist_egg, install_egg_info, install, saveopts, egg_info, test, symlink_data, alias, bdist, upload_docs, sdist, update_catalog, extract_messages, build_scripts, init_catalog, build_py, build_ext, install_scripts, install_lib, clean
[3.269s] DEBUG:colcon.colcon_core.task.python.build:Available setuptools commands: dist_info, rotate, build_clib, install_headers, check, bdist_dumb, setopt, build, upload, develop, compile_catalog, install_data, register, editable_wheel, bdist_rpm, easy_install, bdist_egg, install_egg_info, install, saveopts, egg_info, test, symlink_data, alias, bdist, upload_docs, sdist, update_catalog, extract_messages, build_scripts, init_catalog, build_py, build_ext, install_scripts, install_lib, clean
[3.271s] DEBUG:colcon.colcon_core.task.python.build:Available setuptools commands: dist_info, rotate, build_clib, install_headers, check, bdist_dumb, setopt, build, upload, develop, compile_catalog, install_data, register, editable_wheel, bdist_rpm, easy_install, bdist_egg, install_egg_info, install, saveopts, egg_info, test, symlink_data, alias, bdist, upload_docs, sdist, update_catalog, extract_messages, build_scripts, init_catalog, build_py, build_ext, install_scripts, install_lib, clean
[3.272s] DEBUG:colcon.colcon_core.task.python.build:Available setuptools commands: dist_info, rotate, build_clib, install_headers, check, bdist_dumb, setopt, build, upload, develop, compile_catalog, install_data, register, editable_wheel, bdist_rpm, easy_install, bdist_egg, install_egg_info, install, saveopts, egg_info, test, symlink_data, alias, bdist, upload_docs, sdist, update_catalog, extract_messages, build_scripts, init_catalog, build_py, build_ext, install_scripts, install_lib, clean
[3.684s] DEBUG:colcon.colcon_core.task.python.build:Available setuptools 'develop' options: --verbose, --optimize, --editable, --install-layout, --no-deps, --find-links, --uninstall, --no-find-links, --site-dirs, --script-dir, --dry-run, --egg-path, --prefix, --upgrade, --always-unzip, --local-snapshots-ok, --index-url, --always-copy, --build-directory, --exclude-scripts, --quiet, --help, --record, --version, --multi-version, --force-installation-into-system-dir, --user, --zip-ok, --allow-hosts, --no-user-cfg, --install-dir
[3.688s] DEBUG:colcon.colcon_core.event_handler.log_command:Invoking command in '/home/narayana/swarm_ws/build/belief_fusion': PYTHONPATH=/home/narayana/swarm_ws/build/belief_fusion/prefix_override:/usr/lib/python3/dist-packages/colcon_core/task/python/colcon_distutils_commands:/home/narayana/swarm_ws/install/belief_fusion/lib/python3.12/site-packages:${PYTHONPATH} /usr/bin/python3 -W ignore:setup.py install is deprecated -W ignore:easy_install command is deprecated setup.py develop --editable --build-directory /home/narayana/swarm_ws/build/belief_fusion/build --no-deps symlink_data
[3.695s] DEBUG:colcon.colcon_core.task.python.build:Available setuptools 'develop' options: --verbose, --optimize, --editable, --install-layout, --no-deps, --find-links, --uninstall, --no-find-links, --site-dirs, --script-dir, --dry-run, --egg-path, --prefix, --upgrade, --always-unzip, --local-snapshots-ok, --index-url, --always-copy, --build-directory, --exclude-scripts, --quiet, --help, --record, --version, --multi-version, --force-installation-into-system-dir, --user, --zip-ok, --allow-hosts, --no-user-cfg, --install-dir
[3.699s] DEBUG:colcon.colcon_core.task.python.build:Available setuptools 'develop' options: --verbose, --optimize, --editable, --install-layout, --no-deps, --find-links, --uninstall, --no-find-links, --site-dirs, --script-dir, --dry-run, --egg-path, --prefix, --upgrade, --always-unzip, --local-snapshots-ok, --index-url, --always-copy, --build-directory, --exclude-scripts, --quiet, --help, --record, --version, --multi-version, --force-installation-into-system-dir, --user, --zip-ok, --allow-hosts, --no-user-cfg, --install-dir
[3.701s] DEBUG:colcon.colcon_core.event_handler.log_command:Invoking command in '/home/narayana/swarm_ws/build/occupancy_mapping': PYTHONPATH=/home/narayana/swarm_ws/build/occupancy_mapping/prefix_override:/usr/lib/python3/dist-packages/colcon_core/task/python/colcon_distutils_commands:/home/narayana/swarm_ws/install/occupancy_mapping/lib/python3.12/site-packages:${PYTHONPATH} /usr/bin/python3 -W ignore:setup.py install is deprecated -W ignore:easy_install command is deprecated setup.py develop --editable --build-directory /home/narayana/swarm_ws/build/occupancy_mapping/build --no-deps symlink_data
[3.705s] DEBUG:colcon.colcon_core.event_handler.log_command:Invoking command in '/home/narayana/swarm_ws/build/simulation': PYTHONPATH=/home/narayana/swarm_ws/build/simulation/prefix_override:/usr/lib/python3/dist-packages/colcon_core/task/python/colcon_distutils_commands:/home/narayana/swarm_ws/install/simulation/lib/python3.12/site-packages:${PYTHONPATH} /usr/bin/python3 -W ignore:setup.py install is deprecated -W ignore:easy_install command is deprecated setup.py develop --editable --build-directory /home/narayana/swarm_ws/build/simulation/build --no-deps symlink_data
[3.709s] DEBUG:colcon.colcon_core.task.python.build:Available setuptools 'develop' options: --verbose, --optimize, --editable, --install-layout, --no-deps, --find-links, --uninstall, --no-find-links, --site-dirs, --script-dir, --dry-run, --egg-path, --prefix, --upgrade, --always-unzip, --local-snapshots-ok, --index-url, --always-copy, --build-directory, --exclude-scripts, --quiet, --help, --record, --version, --multi-version, --force-installation-into-system-dir, --user, --zip-ok, --allow-hosts, --no-user-cfg, --install-dir
[3.715s] DEBUG:colcon.colcon_core.event_handler.log_command:Invoking command in '/home/narayana/swarm_ws/build/damage_detection': PYTHONPATH=/home/narayana/swarm_ws/build/damage_detection/prefix_override:/usr/lib/python3/dist-packages/colcon_core/task/python/colcon_distutils_commands:/home/narayana/swarm_ws/install/damage_detection/lib/python3.12/site-packages:${PYTHONPATH} /usr/bin/python3 -W ignore:setup.py install is deprecated -W ignore:easy_install command is deprecated setup.py develop --editable --build-directory /home/narayana/swarm_ws/build/damage_detection/build --no-deps symlink_data
[3.725s] DEBUG:colcon.colcon_core.task.python.build:Available setuptools 'develop' options: --verbose, --optimize, --editable, --install-layout, --no-deps, --find-links, --uninstall, --no-find-links, --site-dirs, --script-dir, --dry-run, --egg-path, --prefix, --upgrade, --always-unzip, --local-snapshots-ok, --index-url, --always-copy, --build-directory, --exclude-scripts, --quiet, --help, --record, --version, --multi-version, --force-installation-into-system-dir, --user, --zip-ok, --allow-hosts, --no-user-cfg, --install-dir
[3.729s] DEBUG:colcon.colcon_core.event_handler.log_command:Invoking command in '/home/narayana/swarm_ws/build/dashboard': PYTHONPATH=/home/narayana/swarm_ws/build/dashboard/prefix_override:/usr/lib/python3/dist-packages/colcon_core/task/python/colcon_distutils_commands:/home/narayana/swarm_ws/install/dashboard/lib/python3.12/site-packages:${PYTHONPATH} /usr/bin/python3 -W ignore:setup.py install is deprecated -W ignore:easy_install command is deprecated setup.py develop --editable --build-directory /home/narayana/swarm_ws/build/dashboard/build --no-deps symlink_data
[3.734s] DEBUG:colcon.colcon_core.task.python.build:Available setuptools 'develop' options: --verbose, --optimize, --editable, --install-layout, --no-deps, --find-links, --uninstall, --no-find-links, --site-dirs, --script-dir, --dry-run, --egg-path, --prefix, --upgrade, --always-unzip, --local-snapshots-ok, --index-url, --always-copy, --build-directory, --exclude-scripts, --quiet, --help, --record, --version, --multi-version, --force-installation-into-system-dir, --user, --zip-ok, --allow-hosts, --no-user-cfg, --install-dir
[3.739s] DEBUG:colcon.colcon_core.event_handler.log_command:Invoking command in '/home/narayana/swarm_ws/build/swarm_control': PYTHONPATH=/home/narayana/swarm_ws/build/swarm_control/prefix_override:/usr/lib/python3/dist-packages/colcon_core/task/python/colcon_distutils_commands:/home/narayana/swarm_ws/install/swarm_control/lib/python3.12/site-packages:${PYTHONPATH} /usr/bin/python3 -W ignore:setup.py install is deprecated -W ignore:easy_install command is deprecated setup.py develop --editable --build-directory /home/narayana/swarm_ws/build/swarm_control/build --no-deps symlink_data
[3.739s] DEBUG:colcon.colcon_core.task.python.build:Available setuptools 'develop' options: --verbose, --optimize, --editable, --install-layout, --no-deps, --find-links, --uninstall, --no-find-links, --site-dirs, --script-dir, --dry-run, --egg-path, --prefix, --upgrade, --always-unzip, --local-snapshots-ok, --index-url, --always-copy, --build-directory, --exclude-scripts, --quiet, --help, --record, --version, --multi-version, --force-installation-into-system-dir, --user, --zip-ok, --allow-hosts, --no-user-cfg, --install-dir
[3.744s] DEBUG:colcon.colcon_core.event_handler.log_command:Invoking command in '/home/narayana/swarm_ws/build/cbba_allocator': PYTHONPATH=/home/narayana/swarm_ws/build/cbba_allocator/prefix_override:/usr/lib/python3/dist-packages/colcon_core/task/python/colcon_distutils_commands:/home/narayana/swarm_ws/install/cbba_allocator/lib/python3.12/site-packages:${PYTHONPATH} /usr/bin/python3 -W ignore:setup.py install is deprecated -W ignore:easy_install command is deprecated setup.py develop --editable --build-directory /home/narayana/swarm_ws/build/cbba_allocator/build --no-deps symlink_data
[4.497s] Level 1:colcon.colcon_core.shell:create_environment_hook('dashboard', 'pythonpath_develop')
[4.497s] DEBUG:colcon.colcon_core.event_handler.log_command:Invoked command in '/home/narayana/swarm_ws/build/dashboard' returned '0': PYTHONPATH=/home/narayana/swarm_ws/build/dashboard/prefix_override:/usr/lib/python3/dist-packages/colcon_core/task/python/colcon_distutils_commands:/home/narayana/swarm_ws/install/dashboard/lib/python3.12/site-packages:${PYTHONPATH} /usr/bin/python3 -W ignore:setup.py install is deprecated -W ignore:easy_install command is deprecated setup.py develop --editable --build-directory /home/narayana/swarm_ws/build/dashboard/build --no-deps symlink_data
[4.498s] INFO:colcon.colcon_core.shell:Creating environment hook '/home/narayana/swarm_ws/build/dashboard/share/dashboard/hook/pythonpath_develop.ps1'
[4.500s] INFO:colcon.colcon_core.shell:Creating environment descriptor '/home/narayana/swarm_ws/build/dashboard/share/dashboard/hook/pythonpath_develop.dsv'
[4.501s] INFO:colcon.colcon_core.shell:Creating environment hook '/home/narayana/swarm_ws/build/dashboard/share/dashboard/hook/pythonpath_develop.sh'
[4.513s] Level 1:colcon.colcon_core.environment:checking '/home/narayana/swarm_ws/install/dashboard' for CMake module files
[4.514s] Level 1:colcon.colcon_core.environment:checking '/home/narayana/swarm_ws/install/dashboard' for CMake config files
[4.515s] Level 1:colcon.colcon_core.environment:checking '/home/narayana/swarm_ws/install/dashboard/lib'
[4.515s] Level 1:colcon.colcon_core.environment:checking '/home/narayana/swarm_ws/install/dashboard/bin'
[4.515s] Level 1:colcon.colcon_core.environment:checking '/home/narayana/swarm_ws/install/dashboard/lib/pkgconfig/dashboard.pc'
[4.515s] Level 1:colcon.colcon_core.environment:checking '/home/narayana/swarm_ws/install/dashboard/lib/python3.12/site-packages'
[4.516s] Level 1:colcon.colcon_core.shell:create_environment_hook('dashboard', 'pythonpath')
[4.516s] INFO:colcon.colcon_core.shell:Creating environment hook '/home/narayana/swarm_ws/install/dashboard/share/dashboard/hook/pythonpath.ps1'
[4.517s] INFO:colcon.colcon_core.shell:Creating environment descriptor '/home/narayana/swarm_ws/install/dashboard/share/dashboard/hook/pythonpath.dsv'
[4.517s] INFO:colcon.colcon_core.shell:Creating environment hook '/home/narayana/swarm_ws/install/dashboard/share/dashboard/hook/pythonpath.sh'
[4.519s] Level 1:colcon.colcon_core.environment:checking '/home/narayana/swarm_ws/install/dashboard/bin'
[4.519s] Level 1:colcon.colcon_core.environment:create_environment_scripts_only(dashboard)
[4.519s] INFO:colcon.colcon_core.shell:Creating package script '/home/narayana/swarm_ws/install/dashboard/share/dashboard/package.ps1'
[4.521s] INFO:colcon.colcon_core.shell:Creating package descriptor '/home/narayana/swarm_ws/install/dashboard/share/dashboard/package.dsv'
[4.523s] INFO:colcon.colcon_core.shell:Creating package script '/home/narayana/swarm_ws/install/dashboard/share/dashboard/package.sh'
[4.524s] INFO:colcon.colcon_core.shell:Creating package script '/home/narayana/swarm_ws/install/dashboard/share/dashboard/package.bash'
[4.526s] INFO:colcon.colcon_core.shell:Creating package script '/home/narayana/swarm_ws/install/dashboard/share/dashboard/package.zsh'
[4.527s] Level 1:colcon.colcon_core.environment:create_file_with_runtime_dependencies(/home/narayana/swarm_ws/install/dashboard/share/colcon-core/packages/dashboard)
[4.532s] Level 1:colcon.colcon_core.shell:create_environment_hook('simulation', 'pythonpath_develop')
[4.532s] INFO:colcon.colcon_core.shell:Creating environment hook '/home/narayana/swarm_ws/build/simulation/share/simulation/hook/pythonpath_develop.ps1'
[4.533s] DEBUG:colcon.colcon_core.event_handler.log_command:Invoked command in '/home/narayana/swarm_ws/build/simulation' returned '0': PYTHONPATH=/home/narayana/swarm_ws/build/simulation/prefix_override:/usr/lib/python3/dist-packages/colcon_core/task/python/colcon_distutils_commands:/home/narayana/swarm_ws/install/simulation/lib/python3.12/site-packages:${PYTHONPATH} /usr/bin/python3 -W ignore:setup.py install is deprecated -W ignore:easy_install command is deprecated setup.py develop --editable --build-directory /home/narayana/swarm_ws/build/simulation/build --no-deps symlink_data
[4.535s] INFO:colcon.colcon_core.shell:Creating environment descriptor '/home/narayana/swarm_ws/build/simulation/share/simulation/hook/pythonpath_develop.dsv'
[4.535s] INFO:colcon.colcon_core.shell:Creating environment hook '/home/narayana/swarm_ws/build/simulation/share/simulation/hook/pythonpath_develop.sh'
[4.535s] Level 1:colcon.colcon_core.environment:checking '/home/narayana/swarm_ws/install/simulation' for CMake module files
[4.537s] Level 1:colcon.colcon_core.environment:checking '/home/narayana/swarm_ws/install/simulation' for CMake config files
[4.537s] Level 1:colcon.colcon_core.environment:checking '/home/narayana/swarm_ws/install/simulation/lib'
[4.537s] Level 1:colcon.colcon_core.environment:checking '/home/narayana/swarm_ws/install/simulation/bin'
[4.537s] Level 1:colcon.colcon_core.environment:checking '/home/narayana/swarm_ws/install/simulation/lib/pkgconfig/simulation.pc'
[4.537s] Level 1:colcon.colcon_core.environment:checking '/home/narayana/swarm_ws/install/simulation/lib/python3.12/site-packages'
[4.537s] Level 1:colcon.colcon_core.shell:create_environment_hook('simulation', 'pythonpath')
[4.538s] INFO:colcon.colcon_core.shell:Creating environment hook '/home/narayana/swarm_ws/install/simulation/share/simulation/hook/pythonpath.ps1'
[4.538s] INFO:colcon.colcon_core.shell:Creating environment descriptor '/home/narayana/swarm_ws/install/simulation/share/simulation/hook/pythonpath.dsv'
[4.538s] INFO:colcon.colcon_core.shell:Creating environment hook '/home/narayana/swarm_ws/install/simulation/share/simulation/hook/pythonpath.sh'
[4.539s] Level 1:colcon.colcon_core.environment:checking '/home/narayana/swarm_ws/install/simulation/bin'
[4.539s] Level 1:colcon.colcon_core.environment:create_environment_scripts_only(simulation)
[4.539s] INFO:colcon.colcon_core.shell:Creating package script '/home/narayana/swarm_ws/install/simulation/share/simulation/package.ps1'
[4.540s] INFO:colcon.colcon_core.shell:Creating package descriptor '/home/narayana/swarm_ws/install/simulation/share/simulation/package.dsv'
[4.540s] INFO:colcon.colcon_core.shell:Creating package script '/home/narayana/swarm_ws/install/simulation/share/simulation/package.sh'
[4.540s] INFO:colcon.colcon_core.shell:Creating package script '/home/narayana/swarm_ws/install/simulation/share/simulation/package.bash'
[4.541s] INFO:colcon.colcon_core.shell:Creating package script '/home/narayana/swarm_ws/install/simulation/share/simulation/package.zsh'
[4.541s] Level 1:colcon.colcon_core.environment:create_file_with_runtime_dependencies(/home/narayana/swarm_ws/install/simulation/share/colcon-core/packages/simulation)
[4.542s] Level 1:colcon.colcon_core.shell:create_environment_hook('damage_detection', 'pythonpath_develop')
[4.543s] INFO:colcon.colcon_core.shell:Creating environment hook '/home/narayana/swarm_ws/build/damage_detection/share/damage_detection/hook/pythonpath_develop.ps1'
[4.544s] DEBUG:colcon.colcon_core.event_handler.log_command:Invoked command in '/home/narayana/swarm_ws/build/damage_detection' returned '0': PYTHONPATH=/home/narayana/swarm_ws/build/damage_detection/prefix_override:/usr/lib/python3/dist-packages/colcon_core/task/python/colcon_distutils_commands:/home/narayana/swarm_ws/install/damage_detection/lib/python3.12/site-packages:${PYTHONPATH} /usr/bin/python3 -W ignore:setup.py install is deprecated -W ignore:easy_install command is deprecated setup.py develop --editable --build-directory /home/narayana/swarm_ws/build/damage_detection/build --no-deps symlink_data
[4.545s] INFO:colcon.colcon_core.shell:Creating environment descriptor '/home/narayana/swarm_ws/build/damage_detection/share/damage_detection/hook/pythonpath_develop.dsv'
[4.545s] INFO:colcon.colcon_core.shell:Creating environment hook '/home/narayana/swarm_ws/build/damage_detection/share/damage_detection/hook/pythonpath_develop.sh'
[4.545s] Level 1:colcon.colcon_core.environment:checking '/home/narayana/swarm_ws/install/damage_detection' for CMake module files
[4.546s] Level 1:colcon.colcon_core.environment:checking '/home/narayana/swarm_ws/install/damage_detection' for CMake config files
[4.546s] Level 1:colcon.colcon_core.environment:checking '/home/narayana/swarm_ws/install/damage_detection/lib'
[4.546s] Level 1:colcon.colcon_core.environment:checking '/home/narayana/swarm_ws/install/damage_detection/bin'
[4.546s] Level 1:colcon.colcon_core.environment:checking '/home/narayana/swarm_ws/install/damage_detection/lib/pkgconfig/damage_detection.pc'
[4.546s] Level 1:colcon.colcon_core.environment:checking '/home/narayana/swarm_ws/install/damage_detection/lib/python3.12/site-packages'
[4.546s] Level 1:colcon.colcon_core.shell:create_environment_hook('damage_detection', 'pythonpath')
[4.547s] INFO:colcon.colcon_core.shell:Creating environment hook '/home/narayana/swarm_ws/install/damage_detection/share/damage_detection/hook/pythonpath.ps1'
[4.547s] INFO:colcon.colcon_core.shell:Creating environment descriptor '/home/narayana/swarm_ws/install/damage_detection/share/damage_detection/hook/pythonpath.dsv'
[4.547s] INFO:colcon.colcon_core.shell:Creating environment hook '/home/narayana/swarm_ws/install/damage_detection/share/damage_detection/hook/pythonpath.sh'
[4.548s] Level 1:colcon.colcon_core.environment:checking '/home/narayana/swarm_ws/install/damage_detection/bin'
[4.548s] Level 1:colcon.colcon_core.environment:create_environment_scripts_only(damage_detection)
[4.548s] INFO:colcon.colcon_core.shell:Creating package script '/home/narayana/swarm_ws/install/damage_detection/share/damage_detection/package.ps1'
[4.548s] INFO:colcon.colcon_core.shell:Creating package descriptor '/home/narayana/swarm_ws/install/damage_detection/share/damage_detection/package.dsv'
[4.549s] INFO:colcon.colcon_core.shell:Creating package script '/home/narayana/swarm_ws/install/damage_detection/share/damage_detection/package.sh'
[4.549s] INFO:colcon.colcon_core.shell:Creating package script '/home/narayana/swarm_ws/install/damage_detection/share/damage_detection/package.bash'
[4.549s] INFO:colcon.colcon_core.shell:Creating package script '/home/narayana/swarm_ws/install/damage_detection/share/damage_detection/package.zsh'
[4.550s] Level 1:colcon.colcon_core.environment:create_file_with_runtime_dependencies(/home/narayana/swarm_ws/install/damage_detection/share/colcon-core/packages/damage_detection)
[4.552s] Level 1:colcon.colcon_core.shell:create_environment_hook('belief_fusion', 'pythonpath_develop')
[4.552s] INFO:colcon.colcon_core.shell:Creating environment hook '/home/narayana/swarm_ws/build/belief_fusion/share/belief_fusion/hook/pythonpath_develop.ps1'
[4.553s] DEBUG:colcon.colcon_core.event_handler.log_command:Invoked command in '/home/narayana/swarm_ws/build/belief_fusion' returned '0': PYTHONPATH=/home/narayana/swarm_ws/build/belief_fusion/prefix_override:/usr/lib/python3/dist-packages/colcon_core/task/python/colcon_distutils_commands:/home/narayana/swarm_ws/install/belief_fusion/lib/python3.12/site-packages:${PYTHONPATH} /usr/bin/python3 -W ignore:setup.py install is deprecated -W ignore:easy_install command is deprecated setup.py develop --editable --build-directory /home/narayana/swarm_ws/build/belief_fusion/build --no-deps symlink_data
[4.554s] INFO:colcon.colcon_core.shell:Creating environment descriptor '/home/narayana/swarm_ws/build/belief_fusion/share/belief_fusion/hook/pythonpath_develop.dsv'
[4.554s] INFO:colcon.colcon_core.shell:Creating environment hook '/home/narayana/swarm_ws/build/belief_fusion/share/belief_fusion/hook/pythonpath_develop.sh'
[4.555s] Level 1:colcon.colcon_core.environment:checking '/home/narayana/swarm_ws/install/belief_fusion' for CMake module files
[4.555s] Level 1:colcon.colcon_core.environment:checking '/home/narayana/swarm_ws/install/belief_fusion' for CMake config files
[4.555s] Level 1:colcon.colcon_core.environment:checking '/home/narayana/swarm_ws/install/belief_fusion/lib'
[4.555s] Level 1:colcon.colcon_core.environment:checking '/home/narayana/swarm_ws/install/belief_fusion/bin'
[4.555s] Level 1:colcon.colcon_core.environment:checking '/home/narayana/swarm_ws/install/belief_fusion/lib/pkgconfig/belief_fusion.pc'
[4.556s] Level 1:colcon.colcon_core.environment:checking '/home/narayana/swarm_ws/install/belief_fusion/lib/python3.12/site-packages'
[4.556s] Level 1:colcon.colcon_core.shell:create_environment_hook('belief_fusion', 'pythonpath')
[4.556s] INFO:colcon.colcon_core.shell:Creating environment hook '/home/narayana/swarm_ws/install/belief_fusion/share/belief_fusion/hook/pythonpath.ps1'
[4.556s] INFO:colcon.colcon_core.shell:Creating environment descriptor '/home/narayana/swarm_ws/install/belief_fusion/share/belief_fusion/hook/pythonpath.dsv'
[4.556s] INFO:colcon.colcon_core.shell:Creating environment hook '/home/narayana/swarm_ws/install/belief_fusion/share/belief_fusion/hook/pythonpath.sh'
[4.557s] Level 1:colcon.colcon_core.environment:checking '/home/narayana/swarm_ws/install/belief_fusion/bin'
[4.557s] Level 1:colcon.colcon_core.environment:create_environment_scripts_only(belief_fusion)
[4.557s] INFO:colcon.colcon_core.shell:Creating package script '/home/narayana/swarm_ws/install/belief_fusion/share/belief_fusion/package.ps1'
[4.558s] INFO:colcon.colcon_core.shell:Creating package descriptor '/home/narayana/swarm_ws/install/belief_fusion/share/belief_fusion/package.dsv'
[4.558s] INFO:colcon.colcon_core.shell:Creating package script '/home/narayana/swarm_ws/install/belief_fusion/share/belief_fusion/package.sh'
[4.558s] INFO:colcon.colcon_core.shell:Creating package script '/home/narayana/swarm_ws/install/belief_fusion/share/belief_fusion/package.bash'
[4.558s] INFO:colcon.colcon_core.shell:Creating package script '/home/narayana/swarm_ws/install/belief_fusion/share/belief_fusion/package.zsh'
[4.559s] Level 1:colcon.colcon_core.environment:create_file_with_runtime_dependencies(/home/narayana/swarm_ws/install/belief_fusion/share/colcon-core/packages/belief_fusion)
[4.560s] Level 1:colcon.colcon_core.shell:create_environment_hook('occupancy_mapping', 'pythonpath_develop')
[4.561s] INFO:colcon.colcon_core.shell:Creating environment hook '/home/narayana/swarm_ws/build/occupancy_mapping/share/occupancy_mapping/hook/pythonpath_develop.ps1'
[4.562s] DEBUG:colcon.colcon_core.event_handler.log_command:Invoked command in '/home/narayana/swarm_ws/build/occupancy_mapping' returned '0': PYTHONPATH=/home/narayana/swarm_ws/build/occupancy_mapping/prefix_override:/usr/lib/python3/dist-packages/colcon_core/task/python/colcon_distutils_commands:/home/narayana/swarm_ws/install/occupancy_mapping/lib/python3.12/site-packages:${PYTHONPATH} /usr/bin/python3 -W ignore:setup.py install is deprecated -W ignore:easy_install command is deprecated setup.py develop --editable --build-directory /home/narayana/swarm_ws/build/occupancy_mapping/build --no-deps symlink_data
[4.562s] INFO:colcon.colcon_core.shell:Creating environment descriptor '/home/narayana/swarm_ws/build/occupancy_mapping/share/occupancy_mapping/hook/pythonpath_develop.dsv'
[4.563s] INFO:colcon.colcon_core.shell:Creating environment hook '/home/narayana/swarm_ws/build/occupancy_mapping/share/occupancy_mapping/hook/pythonpath_develop.sh'
[4.563s] Level 1:colcon.colcon_core.environment:checking '/home/narayana/swarm_ws/install/occupancy_mapping' for CMake module files
[4.563s] Level 1:colcon.colcon_core.environment:checking '/home/narayana/swarm_ws/install/occupancy_mapping' for CMake config files
[4.564s] Level 1:colcon.colcon_core.environment:checking '/home/narayana/swarm_ws/install/occupancy_mapping/lib'
[4.564s] Level 1:colcon.colcon_core.environment:checking '/home/narayana/swarm_ws/install/occupancy_mapping/bin'
[4.564s] Level 1:colcon.colcon_core.environment:checking '/home/narayana/swarm_ws/install/occupancy_mapping/lib/pkgconfig/occupancy_mapping.pc'
[4.564s] Level 1:colcon.colcon_core.environment:checking '/home/narayana/swarm_ws/install/occupancy_mapping/lib/python3.12/site-packages'
[4.564s] Level 1:colcon.colcon_core.shell:create_environment_hook('occupancy_mapping', 'pythonpath')
[4.564s] INFO:colcon.colcon_core.shell:Creating environment hook '/home/narayana/swarm_ws/install/occupancy_mapping/share/occupancy_mapping/hook/pythonpath.ps1'
[4.564s] INFO:colcon.colcon_core.shell:Creating environment descriptor '/home/narayana/swarm_ws/install/occupancy_mapping/share/occupancy_mapping/hook/pythonpath.dsv'
[4.565s] INFO:colcon.colcon_core.shell:Creating environment hook '/home/narayana/swarm_ws/install/occupancy_mapping/share/occupancy_mapping/hook/pythonpath.sh'
[4.565s] Level 1:colcon.colcon_core.environment:checking '/home/narayana/swarm_ws/install/occupancy_mapping/bin'
[4.565s] Level 1:colcon.colcon_core.environment:create_environment_scripts_only(occupancy_mapping)
[4.565s] INFO:colcon.colcon_core.shell:Creating package script '/home/narayana/swarm_ws/install/occupancy_mapping/share/occupancy_mapping/package.ps1'
[4.566s] INFO:colcon.colcon_core.shell:Creating package descriptor '/home/narayana/swarm_ws/install/occupancy_mapping/share/occupancy_mapping/package.dsv'
[4.566s] INFO:colcon.colcon_core.shell:Creating package script '/home/narayana/swarm_ws/install/occupancy_mapping/share/occupancy_mapping/package.sh'
[4.567s] INFO:colcon.colcon_core.shell:Creating package script '/home/narayana/swarm_ws/install/occupancy_mapping/share/occupancy_mapping/package.bash'
[4.567s] INFO:colcon.colcon_core.shell:Creating package script '/home/narayana/swarm_ws/install/occupancy_mapping/share/occupancy_mapping/package.zsh'
[4.567s] Level 1:colcon.colcon_core.environment:create_file_with_runtime_dependencies(/home/narayana/swarm_ws/install/occupancy_mapping/share/colcon-core/packages/occupancy_mapping)
[4.568s] Level 1:colcon.colcon_core.shell:create_environment_hook('swarm_control', 'pythonpath_develop')
[4.568s] INFO:colcon.colcon_core.shell:Creating environment hook '/home/narayana/swarm_ws/build/swarm_control/share/swarm_control/hook/pythonpath_develop.ps1'
[4.569s] DEBUG:colcon.colcon_core.event_handler.log_command:Invoked command in '/home/narayana/swarm_ws/build/swarm_control' returned '0': PYTHONPATH=/home/narayana/swarm_ws/build/swarm_control/prefix_override:/usr/lib/python3/dist-packages/colcon_core/task/python/colcon_distutils_commands:/home/narayana/swarm_ws/install/swarm_control/lib/python3.12/site-packages:${PYTHONPATH} /usr/bin/python3 -W ignore:setup.py install is deprecated -W ignore:easy_install command is deprecated setup.py develop --editable --build-directory /home/narayana/swarm_ws/build/swarm_control/build --no-deps symlink_data
[4.570s] INFO:colcon.colcon_core.shell:Creating environment descriptor '/home/narayana/swarm_ws/build/swarm_control/share/swarm_control/hook/pythonpath_develop.dsv'
[4.570s] INFO:colcon.colcon_core.shell:Creating environment hook '/home/narayana/swarm_ws/build/swarm_control/share/swarm_control/hook/pythonpath_develop.sh'
[4.571s] Level 1:colcon.colcon_core.environment:checking '/home/narayana/swarm_ws/install/swarm_control' for CMake module files
[4.571s] Level 1:colcon.colcon_core.environment:checking '/home/narayana/swarm_ws/install/swarm_control' for CMake config files
[4.571s] Level 1:colcon.colcon_core.environment:checking '/home/narayana/swarm_ws/install/swarm_control/lib'
[4.571s] Level 1:colcon.colcon_core.environment:checking '/home/narayana/swarm_ws/install/swarm_control/bin'
[4.571s] Level 1:colcon.colcon_core.environment:checking '/home/narayana/swarm_ws/install/swarm_control/lib/pkgconfig/swarm_control.pc'
[4.572s] Level 1:colcon.colcon_core.environment:checking '/home/narayana/swarm_ws/install/swarm_control/lib/python3.12/site-packages'
[4.572s] Level 1:colcon.colcon_core.shell:create_environment_hook('swarm_control', 'pythonpath')
[4.572s] INFO:colcon.colcon_core.shell:Creating environment hook '/home/narayana/swarm_ws/install/swarm_control/share/swarm_control/hook/pythonpath.ps1'
[4.572s] INFO:colcon.colcon_core.shell:Creating environment descriptor '/home/narayana/swarm_ws/install/swarm_control/share/swarm_control/hook/pythonpath.dsv'
[4.572s] INFO:colcon.colcon_core.shell:Creating environment hook '/home/narayana/swarm_ws/install/swarm_control/share/swarm_control/hook/pythonpath.sh'
[4.573s] Level 1:colcon.colcon_core.environment:checking '/home/narayana/swarm_ws/install/swarm_control/bin'
[4.573s] Level 1:colcon.colcon_core.environment:create_environment_scripts_only(swarm_control)
[4.573s] INFO:colcon.colcon_core.shell:Creating package script '/home/narayana/swarm_ws/install/swarm_control/share/swarm_control/package.ps1'
[4.574s] INFO:colcon.colcon_core.shell:Creating package descriptor '/home/narayana/swarm_ws/install/swarm_control/share/swarm_control/package.dsv'
[4.574s] INFO:colcon.colcon_core.shell:Creating package script '/home/narayana/swarm_ws/install/swarm_control/share/swarm_control/package.sh'
[4.575s] INFO:colcon.colcon_core.shell:Creating package script '/home/narayana/swarm_ws/install/swarm_control/share/swarm_control/package.bash'
[4.575s] INFO:colcon.colcon_core.shell:Creating package script '/home/narayana/swarm_ws/install/swarm_control/share/swarm_control/package.zsh'
[4.575s] Level 1:colcon.colcon_core.environment:create_file_with_runtime_dependencies(/home/narayana/swarm_ws/install/swarm_control/share/colcon-core/packages/swarm_control)
[4.576s] Level 1:colcon.colcon_core.shell:create_environment_hook('cbba_allocator', 'pythonpath_develop')
[4.577s] INFO:colcon.colcon_core.shell:Creating environment hook '/home/narayana/swarm_ws/build/cbba_allocator/share/cbba_allocator/hook/pythonpath_develop.ps1'
[4.578s] DEBUG:colcon.colcon_core.event_handler.log_command:Invoked command in '/home/narayana/swarm_ws/build/cbba_allocator' returned '0': PYTHONPATH=/home/narayana/swarm_ws/build/cbba_allocator/prefix_override:/usr/lib/python3/dist-packages/colcon_core/task/python/colcon_distutils_commands:/home/narayana/swarm_ws/install/cbba_allocator/lib/python3.12/site-packages:${PYTHONPATH} /usr/bin/python3 -W ignore:setup.py install is deprecated -W ignore:easy_install command is deprecated setup.py develop --editable --build-directory /home/narayana/swarm_ws/build/cbba_allocator/build --no-deps symlink_data
[4.578s] INFO:colcon.colcon_core.shell:Creating environment descriptor '/home/narayana/swarm_ws/build/cbba_allocator/share/cbba_allocator/hook/pythonpath_develop.dsv'
[4.578s] INFO:colcon.colcon_core.shell:Creating environment hook '/home/narayana/swarm_ws/build/cbba_allocator/share/cbba_allocator/hook/pythonpath_develop.sh'
[4.579s] Level 1:colcon.colcon_core.environment:checking '/home/narayana/swarm_ws/install/cbba_allocator' for CMake module files
[4.579s] Level 1:colcon.colcon_core.environment:checking '/home/narayana/swarm_ws/install/cbba_allocator' for CMake config files
[4.580s] Level 1:colcon.colcon_core.environment:checking '/home/narayana/swarm_ws/install/cbba_allocator/lib'
[4.580s] Level 1:colcon.colcon_core.environment:checking '/home/narayana/swarm_ws/install/cbba_allocator/bin'
[4.580s] Level 1:colcon.colcon_core.environment:checking '/home/narayana/swarm_ws/install/cbba_allocator/lib/pkgconfig/cbba_allocator.pc'
[4.580s] Level 1:colcon.colcon_core.environment:checking '/home/narayana/swarm_ws/install/cbba_allocator/lib/python3.12/site-packages'
[4.580s] Level 1:colcon.colcon_core.shell:create_environment_hook('cbba_allocator', 'pythonpath')
[4.580s] INFO:colcon.colcon_core.shell:Creating environment hook '/home/narayana/swarm_ws/install/cbba_allocator/share/cbba_allocator/hook/pythonpath.ps1'
[4.581s] INFO:colcon.colcon_core.shell:Creating environment descriptor '/home/narayana/swarm_ws/install/cbba_allocator/share/cbba_allocator/hook/pythonpath.dsv'
[4.581s] INFO:colcon.colcon_core.shell:Creating environment hook '/home/narayana/swarm_ws/install/cbba_allocator/share/cbba_allocator/hook/pythonpath.sh'
[4.581s] Level 1:colcon.colcon_core.environment:checking '/home/narayana/swarm_ws/install/cbba_allocator/bin'
[4.581s] Level 1:colcon.colcon_core.environment:create_environment_scripts_only(cbba_allocator)
[4.582s] INFO:colcon.colcon_core.shell:Creating package script '/home/narayana/swarm_ws/install/cbba_allocator/share/cbba_allocator/package.ps1'
[4.582s] INFO:colcon.colcon_core.shell:Creating package descriptor '/home/narayana/swarm_ws/install/cbba_allocator/share/cbba_allocator/package.dsv'
[4.582s] INFO:colcon.colcon_core.shell:Creating package script '/home/narayana/swarm_ws/install/cbba_allocator/share/cbba_allocator/package.sh'
[4.583s] INFO:colcon.colcon_core.shell:Creating package script '/home/narayana/swarm_ws/install/cbba_allocator/share/cbba_allocator/package.bash'
[4.583s] INFO:colcon.colcon_core.shell:Creating package script '/home/narayana/swarm_ws/install/cbba_allocator/share/cbba_allocator/package.zsh'
[4.584s] Level 1:colcon.colcon_core.environment:create_file_with_runtime_dependencies(/home/narayana/swarm_ws/install/cbba_allocator/share/colcon-core/packages/cbba_allocator)
[4.585s] DEBUG:colcon.colcon_parallel_executor.executor.parallel:closing loop
[4.585s] DEBUG:colcon.colcon_parallel_executor.executor.parallel:loop closed
[4.585s] DEBUG:colcon.colcon_parallel_executor.executor.parallel:run_until_complete finished with '0'
[4.585s] DEBUG:colcon.colcon_core.event_reactor:joining thread
[4.732s] INFO:colcon.colcon_core.plugin_system:Skipping extension 'colcon_notification.desktop_notification.notify_send': Could not find 'notify-send'
[4.733s] INFO:colcon.colcon_core.plugin_system:Skipping extension 'colcon_notification.desktop_notification.terminal_notifier': Not used on non-Darwin systems
[4.733s] INFO:colcon.colcon_core.plugin_system:Skipping extension 'colcon_notification.desktop_notification.win32': Not used on non-Windows systems
[4.733s] INFO:colcon.colcon_notification.desktop_notification:Sending desktop notification using 'notify2'
[4.754s] DEBUG:colcon.colcon_notification.desktop_notification.notify2:Failed to initialize notify2: org.freedesktop.DBus.Error.ServiceUnknown: The name org.freedesktop.Notifications was not provided by any .service files
[4.754s] DEBUG:colcon.colcon_core.event_reactor:joined thread
[4.756s] INFO:colcon.colcon_core.shell:Creating prefix script '/home/narayana/swarm_ws/install/local_setup.ps1'
[4.757s] INFO:colcon.colcon_core.shell:Creating prefix util module '/home/narayana/swarm_ws/install/_local_setup_util_ps1.py'
[4.759s] INFO:colcon.colcon_core.shell:Creating prefix chain script '/home/narayana/swarm_ws/install/setup.ps1'
[4.760s] INFO:colcon.colcon_core.shell:Creating prefix script '/home/narayana/swarm_ws/install/local_setup.sh'
[4.761s] INFO:colcon.colcon_core.shell:Creating prefix util module '/home/narayana/swarm_ws/install/_local_setup_util_sh.py'
[4.762s] INFO:colcon.colcon_core.shell:Creating prefix chain script '/home/narayana/swarm_ws/install/setup.sh'
[4.764s] INFO:colcon.colcon_core.shell:Creating prefix script '/home/narayana/swarm_ws/install/local_setup.bash'
[4.765s] INFO:colcon.colcon_core.shell:Creating prefix chain script '/home/narayana/swarm_ws/install/setup.bash'
[4.766s] INFO:colcon.colcon_core.shell:Creating prefix script '/home/narayana/swarm_ws/install/local_setup.zsh'
[4.767s] INFO:colcon.colcon_core.shell:Creating prefix chain script '/home/narayana/swarm_ws/install/setup.zsh'
